
> graphql-mongodb@0.0.1 test
> jest

No tests found, exiting with code 1
Run with `--passWithNoTests` to exit with code 0
In /Users/abulhasan/Desktop/Programming/Github_Projects/student-management-graphql-mongodb/src
  15 files checked.
  testMatch:  - 0 matches
  testPathIgnorePatterns: /node_modules/ - 15 matches
  testRegex: .*\.spec\.ts$ - 0 matches
Pattern:  - 0 matches
